// Jest Snapshot v1, https://goo.gl/fbAQLP

exports[`Uesrs List rendering tests should behave like tree 1`] = `
ShallowWrapper {
  "length": 1,
  Symbol(enzyme.__root__): [Circular],
  Symbol(enzyme.__unrendered__): <PearsonUsers />,
  Symbol(enzyme.__renderer__): Object {
    "batchedUpdates": [Function],
    "getNode": [Function],
    "render": [Function],
    "simulateEvent": [Function],
    "unmount": [Function],
  },
  Symbol(enzyme.__node__): Object {
    "instance": null,
    "key": undefined,
    "nodeType": "function",
    "props": Object {
      "children": <div
        className="users"
>
        <UsersGridContainer
                avatar="https://s3.amazonaws.com/uifaces/faces/twitter/marcoramires/128.jpg"
                delete={[Function]}
                firstName="Eve"
                lastName="Holt"
        />
        <UsersGridContainer
                avatar="https://s3.amazonaws.com/uifaces/faces/twitter/stephenmoon/128.jpg"
                delete={[Function]}
                firstName="Charles"
                lastName="Morris"
        />
        <UsersGridContainer
                avatar="https://s3.amazonaws.com/uifaces/faces/twitter/bigmancho/128.jpg"
                delete={[Function]}
                firstName="Tracey"
                lastName="Ramos"
        />
</div>,
    },
    "ref": null,
    "rendered": Object {
      "instance": null,
      "key": undefined,
      "nodeType": "host",
      "props": Object {
        "children": Array [
          <UsersGridContainer
            avatar="https://s3.amazonaws.com/uifaces/faces/twitter/marcoramires/128.jpg"
            delete={[Function]}
            firstName="Eve"
            lastName="Holt"
/>,
          <UsersGridContainer
            avatar="https://s3.amazonaws.com/uifaces/faces/twitter/stephenmoon/128.jpg"
            delete={[Function]}
            firstName="Charles"
            lastName="Morris"
/>,
          <UsersGridContainer
            avatar="https://s3.amazonaws.com/uifaces/faces/twitter/bigmancho/128.jpg"
            delete={[Function]}
            firstName="Tracey"
            lastName="Ramos"
/>,
        ],
        "className": "users",
      },
      "ref": null,
      "rendered": Array [
        Object {
          "instance": null,
          "key": "4",
          "nodeType": "function",
          "props": Object {
            "avatar": "https://s3.amazonaws.com/uifaces/faces/twitter/marcoramires/128.jpg",
            "delete": [Function],
            "firstName": "Eve",
            "lastName": "Holt",
          },
          "ref": null,
          "rendered": null,
          "type": [Function],
        },
        Object {
          "instance": null,
          "key": "5",
          "nodeType": "function",
          "props": Object {
            "avatar": "https://s3.amazonaws.com/uifaces/faces/twitter/stephenmoon/128.jpg",
            "delete": [Function],
            "firstName": "Charles",
            "lastName": "Morris",
          },
          "ref": null,
          "rendered": null,
          "type": [Function],
        },
        Object {
          "instance": null,
          "key": "6",
          "nodeType": "function",
          "props": Object {
            "avatar": "https://s3.amazonaws.com/uifaces/faces/twitter/bigmancho/128.jpg",
            "delete": [Function],
            "firstName": "Tracey",
            "lastName": "Ramos",
          },
          "ref": null,
          "rendered": null,
          "type": [Function],
        },
      ],
      "type": "div",
    },
    "type": Symbol(react.fragment),
  },
  Symbol(enzyme.__nodes__): Array [
    Object {
      "instance": null,
      "key": undefined,
      "nodeType": "function",
      "props": Object {
        "children": <div
          className="users"
>
          <UsersGridContainer
                    avatar="https://s3.amazonaws.com/uifaces/faces/twitter/marcoramires/128.jpg"
                    delete={[Function]}
                    firstName="Eve"
                    lastName="Holt"
          />
          <UsersGridContainer
                    avatar="https://s3.amazonaws.com/uifaces/faces/twitter/stephenmoon/128.jpg"
                    delete={[Function]}
                    firstName="Charles"
                    lastName="Morris"
          />
          <UsersGridContainer
                    avatar="https://s3.amazonaws.com/uifaces/faces/twitter/bigmancho/128.jpg"
                    delete={[Function]}
                    firstName="Tracey"
                    lastName="Ramos"
          />
</div>,
      },
      "ref": null,
      "rendered": Object {
        "instance": null,
        "key": undefined,
        "nodeType": "host",
        "props": Object {
          "children": Array [
            <UsersGridContainer
              avatar="https://s3.amazonaws.com/uifaces/faces/twitter/marcoramires/128.jpg"
              delete={[Function]}
              firstName="Eve"
              lastName="Holt"
/>,
            <UsersGridContainer
              avatar="https://s3.amazonaws.com/uifaces/faces/twitter/stephenmoon/128.jpg"
              delete={[Function]}
              firstName="Charles"
              lastName="Morris"
/>,
            <UsersGridContainer
              avatar="https://s3.amazonaws.com/uifaces/faces/twitter/bigmancho/128.jpg"
              delete={[Function]}
              firstName="Tracey"
              lastName="Ramos"
/>,
          ],
          "className": "users",
        },
        "ref": null,
        "rendered": Array [
          Object {
            "instance": null,
            "key": "4",
            "nodeType": "function",
            "props": Object {
              "avatar": "https://s3.amazonaws.com/uifaces/faces/twitter/marcoramires/128.jpg",
              "delete": [Function],
              "firstName": "Eve",
              "lastName": "Holt",
            },
            "ref": null,
            "rendered": null,
            "type": [Function],
          },
          Object {
            "instance": null,
            "key": "5",
            "nodeType": "function",
            "props": Object {
              "avatar": "https://s3.amazonaws.com/uifaces/faces/twitter/stephenmoon/128.jpg",
              "delete": [Function],
              "firstName": "Charles",
              "lastName": "Morris",
            },
            "ref": null,
            "rendered": null,
            "type": [Function],
          },
          Object {
            "instance": null,
            "key": "6",
            "nodeType": "function",
            "props": Object {
              "avatar": "https://s3.amazonaws.com/uifaces/faces/twitter/bigmancho/128.jpg",
              "delete": [Function],
              "firstName": "Tracey",
              "lastName": "Ramos",
            },
            "ref": null,
            "rendered": null,
            "type": [Function],
          },
        ],
        "type": "div",
      },
      "type": Symbol(react.fragment),
    },
  ],
  Symbol(enzyme.__options__): Object {
    "adapter": ReactSixteenAdapter {
      "options": Object {
        "enableComponentDidUpdateOnSetState": true,
      },
    },
  },
}
`;
