// Jest Snapshot v1, https://goo.gl/fbAQLP

exports[`UsersGridContainer test should behave like tree : UsersGridContainer 1`] = `
ShallowWrapper {
  "length": 1,
  Symbol(enzyme.__root__): [Circular],
  Symbol(enzyme.__unrendered__): <UsersGridContainer
    avatar="https://s3.amazonaws.com/uifaces/faces/twitter/marcoramires/128.jpg"
    delete={[Function]}
    firstName="Eve"
    lastName="Holt"
/>,
  Symbol(enzyme.__renderer__): Object {
    "batchedUpdates": [Function],
    "getNode": [Function],
    "render": [Function],
    "simulateEvent": [Function],
    "unmount": [Function],
  },
  Symbol(enzyme.__node__): Object {
    "instance": null,
    "key": undefined,
    "nodeType": "host",
    "props": Object {
      "children": Array [
        <div
          className="radius-conatiner"
>
          <img
                    alt="Eve"
                    className="user-thumbnail"
                    src="https://s3.amazonaws.com/uifaces/faces/twitter/marcoramires/128.jpg"
          />
</div>,
        <h3
          className="userName"
>
          Eve
           
          Holt
           
</h3>,
        <span
          className="delete"
          onClick={[Function]}
>
          Delete
</span>,
      ],
      "className": "user",
    },
    "ref": null,
    "rendered": Array [
      Object {
        "instance": null,
        "key": undefined,
        "nodeType": "host",
        "props": Object {
          "children": <img
            alt="Eve"
            className="user-thumbnail"
            src="https://s3.amazonaws.com/uifaces/faces/twitter/marcoramires/128.jpg"
/>,
          "className": "radius-conatiner",
        },
        "ref": null,
        "rendered": Object {
          "instance": null,
          "key": undefined,
          "nodeType": "host",
          "props": Object {
            "alt": "Eve",
            "className": "user-thumbnail",
            "src": "https://s3.amazonaws.com/uifaces/faces/twitter/marcoramires/128.jpg",
          },
          "ref": null,
          "rendered": null,
          "type": "img",
        },
        "type": "div",
      },
      Object {
        "instance": null,
        "key": undefined,
        "nodeType": "host",
        "props": Object {
          "children": Array [
            "Eve",
            " ",
            "Holt",
            " ",
          ],
          "className": "userName",
        },
        "ref": null,
        "rendered": Array [
          "Eve",
          " ",
          "Holt",
          " ",
        ],
        "type": "h3",
      },
      Object {
        "instance": null,
        "key": undefined,
        "nodeType": "host",
        "props": Object {
          "children": "Delete",
          "className": "delete",
          "onClick": [Function],
        },
        "ref": null,
        "rendered": "Delete",
        "type": "span",
      },
    ],
    "type": "div",
  },
  Symbol(enzyme.__nodes__): Array [
    Object {
      "instance": null,
      "key": undefined,
      "nodeType": "host",
      "props": Object {
        "children": Array [
          <div
            className="radius-conatiner"
>
            <img
                        alt="Eve"
                        className="user-thumbnail"
                        src="https://s3.amazonaws.com/uifaces/faces/twitter/marcoramires/128.jpg"
            />
</div>,
          <h3
            className="userName"
>
            Eve
             
            Holt
             
</h3>,
          <span
            className="delete"
            onClick={[Function]}
>
            Delete
</span>,
        ],
        "className": "user",
      },
      "ref": null,
      "rendered": Array [
        Object {
          "instance": null,
          "key": undefined,
          "nodeType": "host",
          "props": Object {
            "children": <img
              alt="Eve"
              className="user-thumbnail"
              src="https://s3.amazonaws.com/uifaces/faces/twitter/marcoramires/128.jpg"
/>,
            "className": "radius-conatiner",
          },
          "ref": null,
          "rendered": Object {
            "instance": null,
            "key": undefined,
            "nodeType": "host",
            "props": Object {
              "alt": "Eve",
              "className": "user-thumbnail",
              "src": "https://s3.amazonaws.com/uifaces/faces/twitter/marcoramires/128.jpg",
            },
            "ref": null,
            "rendered": null,
            "type": "img",
          },
          "type": "div",
        },
        Object {
          "instance": null,
          "key": undefined,
          "nodeType": "host",
          "props": Object {
            "children": Array [
              "Eve",
              " ",
              "Holt",
              " ",
            ],
            "className": "userName",
          },
          "ref": null,
          "rendered": Array [
            "Eve",
            " ",
            "Holt",
            " ",
          ],
          "type": "h3",
        },
        Object {
          "instance": null,
          "key": undefined,
          "nodeType": "host",
          "props": Object {
            "children": "Delete",
            "className": "delete",
            "onClick": [Function],
          },
          "ref": null,
          "rendered": "Delete",
          "type": "span",
        },
      ],
      "type": "div",
    },
  ],
  Symbol(enzyme.__options__): Object {
    "adapter": ReactSixteenAdapter {
      "options": Object {
        "enableComponentDidUpdateOnSetState": true,
      },
    },
  },
}
`;
